// Jest Snapshot v1, https://goo.gl/fbAQLP

exports[`provides an API to communicate with an embedded publication 1`] = `
<div>
  <div>
    Loading...
  </div>
</div>
`;

exports[`renders 404 when publication not found 1`] = `
<div
  className="container pt-5"
>
  <div
    className="row col-12 pt-5 pb-3"
  >
    <div
      className="col-12 text-center"
    >
      <h1>
        Error 404
      </h1>
    </div>
  </div>
  <div
    className="row col-12 pb-3"
  >
    <div
      className="col-12 text-center"
    >
      <h2>
        Publication not found
      </h2>
    </div>
  </div>
</div>
`;

exports[`renders an embedded publication 1`] = `
<div>
  <div>
    Loading...
  </div>
</div>
`;

exports[`the API can be used to select words 1`] = `
<div>
  <div>
    Loading...
  </div>
</div>
`;
